/Users/alexbaldwin/Desktop/OpenNerveTest/OpenNerve PCBA documentation/Final docs and FW from Coforce/FW-MCU-H2-251226/Middlewares/EEPROM_Emul/Porting/flash_interface.c:65:11:FI_WriteDoubleWord	32	static
/Users/alexbaldwin/Desktop/OpenNerveTest/OpenNerve PCBA documentation/Final docs and FW from Coforce/FW-MCU-H2-251226/Middlewares/EEPROM_Emul/Porting/flash_interface.c:96:11:FI_PageErase	48	static
/Users/alexbaldwin/Desktop/OpenNerveTest/OpenNerve PCBA documentation/Final docs and FW from Coforce/FW-MCU-H2-251226/Middlewares/EEPROM_Emul/Porting/flash_interface.c:127:11:FI_PageErase_IT	40	static
/Users/alexbaldwin/Desktop/OpenNerveTest/OpenNerve PCBA documentation/Final docs and FW from Coforce/FW-MCU-H2-251226/Middlewares/EEPROM_Emul/Porting/flash_interface.c:153:6:FI_CacheFlush	8	static
/Users/alexbaldwin/Desktop/OpenNerveTest/OpenNerve PCBA documentation/Final docs and FW from Coforce/FW-MCU-H2-251226/Middlewares/EEPROM_Emul/Porting/flash_interface.c:165:17:GetBankNumber	24	static
/Users/alexbaldwin/Desktop/OpenNerveTest/OpenNerve PCBA documentation/Final docs and FW from Coforce/FW-MCU-H2-251226/Middlewares/EEPROM_Emul/Porting/flash_interface.c:205:11:FI_DeleteCorruptedFlashAddress	24	static
/Users/alexbaldwin/Desktop/OpenNerveTest/OpenNerve PCBA documentation/Final docs and FW from Coforce/FW-MCU-H2-251226/Middlewares/EEPROM_Emul/Porting/flash_interface.c:261:11:FI_CheckBankConfig	4	static
