../Drivers/STM32U5xx_HAL_Driver/Inc/stm32u5xx_ll_crc.h:156:22:LL_CRC_ResetCRCCalculationUnit	16	static
../Drivers/STM32U5xx_HAL_Driver/Inc/stm32u5xx_ll_crc.h:172:22:LL_CRC_SetPolynomialSize	16	static
../Drivers/STM32U5xx_HAL_Driver/Inc/stm32u5xx_ll_crc.h:290:22:LL_CRC_SetPolynomialCoef	16	static
../Drivers/STM32U5xx_HAL_Driver/Inc/stm32u5xx_ll_crc.h:324:22:LL_CRC_FeedData32	16	static
../Drivers/STM32U5xx_HAL_Driver/Inc/stm32u5xx_ll_crc.h:336:22:LL_CRC_FeedData16	24	static
../Drivers/STM32U5xx_HAL_Driver/Inc/stm32u5xx_ll_crc.h:374:26:LL_CRC_ReadData16	16	static
../Drivers/STM32U5xx_HAL_Driver/Inc/stm32u5xx_ll_bus.h:425:22:LL_AHB1_GRP1_EnableClock	24	static
/Users/alexbaldwin/Desktop/OpenNerveTest/OpenNerve PCBA documentation/Final docs and FW from Coforce/FW-MCU-H2-251226/Middlewares/EEPROM_Emul/Core/eeprom_emul.c:198:11:EE_Init	120	static
/Users/alexbaldwin/Desktop/OpenNerveTest/OpenNerve PCBA documentation/Final docs and FW from Coforce/FW-MCU-H2-251226/Middlewares/EEPROM_Emul/Core/eeprom_emul.c:634:11:EE_Format	24	static
/Users/alexbaldwin/Desktop/OpenNerveTest/OpenNerve PCBA documentation/Final docs and FW from Coforce/FW-MCU-H2-251226/Middlewares/EEPROM_Emul/Core/eeprom_emul.c:717:11:EE_ReadVariable96bits	24	static
/Users/alexbaldwin/Desktop/OpenNerveTest/OpenNerve PCBA documentation/Final docs and FW from Coforce/FW-MCU-H2-251226/Middlewares/EEPROM_Emul/Core/eeprom_emul.c:745:11:EE_ReadVariable32bits	32	static
/Users/alexbaldwin/Desktop/OpenNerveTest/OpenNerve PCBA documentation/Final docs and FW from Coforce/FW-MCU-H2-251226/Middlewares/EEPROM_Emul/Core/eeprom_emul.c:774:11:EE_ReadVariable16bits	32	static
/Users/alexbaldwin/Desktop/OpenNerveTest/OpenNerve PCBA documentation/Final docs and FW from Coforce/FW-MCU-H2-251226/Middlewares/EEPROM_Emul/Core/eeprom_emul.c:802:11:EE_ReadVariable8bits	32	static
/Users/alexbaldwin/Desktop/OpenNerveTest/OpenNerve PCBA documentation/Final docs and FW from Coforce/FW-MCU-H2-251226/Middlewares/EEPROM_Emul/Core/eeprom_emul.c:833:11:EE_WriteVariable96bits	16	static
/Users/alexbaldwin/Desktop/OpenNerveTest/OpenNerve PCBA documentation/Final docs and FW from Coforce/FW-MCU-H2-251226/Middlewares/EEPROM_Emul/Core/eeprom_emul.c:858:11:EE_WriteVariable32bits	16	static
/Users/alexbaldwin/Desktop/OpenNerveTest/OpenNerve PCBA documentation/Final docs and FW from Coforce/FW-MCU-H2-251226/Middlewares/EEPROM_Emul/Core/eeprom_emul.c:886:11:EE_WriteVariable16bits	16	static
/Users/alexbaldwin/Desktop/OpenNerveTest/OpenNerve PCBA documentation/Final docs and FW from Coforce/FW-MCU-H2-251226/Middlewares/EEPROM_Emul/Core/eeprom_emul.c:913:11:EE_WriteVariable8bits	16	static
/Users/alexbaldwin/Desktop/OpenNerveTest/OpenNerve PCBA documentation/Final docs and FW from Coforce/FW-MCU-H2-251226/Middlewares/EEPROM_Emul/Core/eeprom_emul.c:938:11:EE_CleanUp	32	static
/Users/alexbaldwin/Desktop/OpenNerveTest/OpenNerve PCBA documentation/Final docs and FW from Coforce/FW-MCU-H2-251226/Middlewares/EEPROM_Emul/Core/eeprom_emul.c:1010:11:EE_CleanUp_IT	32	static
/Users/alexbaldwin/Desktop/OpenNerveTest/OpenNerve PCBA documentation/Final docs and FW from Coforce/FW-MCU-H2-251226/Middlewares/EEPROM_Emul/Core/eeprom_emul.c:1070:11:EE_DeleteCorruptedFlashAddress	16	static
/Users/alexbaldwin/Desktop/OpenNerveTest/OpenNerve PCBA documentation/Final docs and FW from Coforce/FW-MCU-H2-251226/Middlewares/EEPROM_Emul/Core/eeprom_emul.c:1079:13:EE_EndOfCleanup_UserCallback	4	static
/Users/alexbaldwin/Desktop/OpenNerveTest/OpenNerve PCBA documentation/Final docs and FW from Coforce/FW-MCU-H2-251226/Middlewares/EEPROM_Emul/Core/eeprom_emul.c:1107:18:ReadVariable	72	static
/Users/alexbaldwin/Desktop/OpenNerveTest/OpenNerve PCBA documentation/Final docs and FW from Coforce/FW-MCU-H2-251226/Middlewares/EEPROM_Emul/Core/eeprom_emul.c:1211:18:WriteVariable	24	static
/Users/alexbaldwin/Desktop/OpenNerveTest/OpenNerve PCBA documentation/Final docs and FW from Coforce/FW-MCU-H2-251226/Middlewares/EEPROM_Emul/Core/eeprom_emul.c:1240:18:VerifyPageFullyErased	24	static
/Users/alexbaldwin/Desktop/OpenNerveTest/OpenNerve PCBA documentation/Final docs and FW from Coforce/FW-MCU-H2-251226/Middlewares/EEPROM_Emul/Core/eeprom_emul.c:1279:17:FindPage	32	static
/Users/alexbaldwin/Desktop/OpenNerveTest/OpenNerve PCBA documentation/Final docs and FW from Coforce/FW-MCU-H2-251226/Middlewares/EEPROM_Emul/Core/eeprom_emul.c:1432:18:PagesTransfer	72	static
/Users/alexbaldwin/Desktop/OpenNerveTest/OpenNerve PCBA documentation/Final docs and FW from Coforce/FW-MCU-H2-251226/Middlewares/EEPROM_Emul/Core/eeprom_emul.c:1689:18:VerifyPagesFullWriteVariable	104	static
/Users/alexbaldwin/Desktop/OpenNerveTest/OpenNerve PCBA documentation/Final docs and FW from Coforce/FW-MCU-H2-251226/Middlewares/EEPROM_Emul/Core/eeprom_emul.c:1787:18:SetPageState	48	static
/Users/alexbaldwin/Desktop/OpenNerveTest/OpenNerve PCBA documentation/Final docs and FW from Coforce/FW-MCU-H2-251226/Middlewares/EEPROM_Emul/Core/eeprom_emul.c:2013:22:GetPageState	80	static
/Users/alexbaldwin/Desktop/OpenNerveTest/OpenNerve PCBA documentation/Final docs and FW from Coforce/FW-MCU-H2-251226/Middlewares/EEPROM_Emul/Core/eeprom_emul.c:2068:6:ConfigureCrc	8	static
/Users/alexbaldwin/Desktop/OpenNerveTest/OpenNerve PCBA documentation/Final docs and FW from Coforce/FW-MCU-H2-251226/Middlewares/EEPROM_Emul/Core/eeprom_emul.c:2101:10:CalculateCrc	24	static
