../App/Functions/Src/app_func_stimulation.c:35:17:generate_sine_wave	40	static
../App/Functions/Src/app_func_stimulation.c:68:13:sel_ch_src_set	24	static
../App/Functions/Src/app_func_stimulation.c:107:13:sel_ch_snk_set	24	static
../App/Functions/Src/app_func_stimulation.c:131:13:sel_ch_set	32	static
../App/Functions/Src/app_func_stimulation.c:160:13:sel_ch_srcsnk_set	32	static
../App/Functions/Src/app_func_stimulation.c:176:13:imp_sel_set	40	static
../App/Functions/Src/app_func_stimulation.c:213:6:app_func_stim_hv_supply_set	16	static
../App/Functions/Src/app_func_stimulation.c:228:9:app_func_stim_hv_sup_volt_set	48	static
../App/Functions/Src/app_func_stimulation.c:245:6:app_func_stim_vdds_sup_enable	16	static
../App/Functions/Src/app_func_stimulation.c:254:9:app_func_stim_dac_init	16	static
../App/Functions/Src/app_func_stimulation.c:283:9:app_func_stim_dac_volt_set	24	static
../App/Functions/Src/app_func_stimulation.c:317:6:app_func_stim_dac1_ramp_set	24	static
../App/Functions/Src/app_func_stimulation.c:337:10:app_func_stim_iout_to_dac	80	static
../App/Functions/Src/app_func_stimulation.c:373:6:app_func_stim_vnsb_enable	16	static
../App/Functions/Src/app_func_stimulation.c:382:6:app_func_stim_stimulus_enable	16	static
../App/Functions/Src/app_func_stimulation.c:391:6:app_func_stim_mux_enable	16	static
../App/Functions/Src/app_func_stimulation.c:400:6:app_func_stim_sel_set	16	static
../App/Functions/Src/app_func_stimulation.c:417:6:app_func_stim_curr_src_set	16	static
../App/Functions/Src/app_func_stimulation.c:435:6:app_func_stim_circuit_para1_set	32	static
../App/Functions/Src/app_func_stimulation.c:454:6:app_func_stim_circuit_para2_set	32	static
../App/Functions/Src/app_func_stimulation.c:473:6:app_func_stim_stim1_start	24	static
../App/Functions/Src/app_func_stimulation.c:539:6:app_func_stim_stim2_start	16	static
../App/Functions/Src/app_func_stimulation.c:602:6:app_func_stim_stim1_stop	8	static
../App/Functions/Src/app_func_stimulation.c:615:6:app_func_stim_stim2_stop	8	static
../App/Functions/Src/app_func_stimulation.c:629:6:app_func_stim_stim1_cb	88	static
../App/Functions/Src/app_func_stimulation.c:697:6:app_func_stim_stim2_cb	40	static
../App/Functions/Src/app_func_stimulation.c:731:6:app_func_stim_sine_para_set	48	static
../App/Functions/Src/app_func_stimulation.c:758:6:app_func_stim_sine_start	16	static
../App/Functions/Src/app_func_stimulation.c:819:6:app_func_stim_sine_stop	8	static
../App/Functions/Src/app_func_stimulation.c:833:6:app_func_stim_sine_cb	32	static
../App/Functions/Src/app_func_stimulation.c:877:6:app_func_stim_sync	4	static
../App/Functions/Src/app_func_stimulation.c:895:6:app_func_stim_off	16	static
