../App/Functions/Src/app_func_measurement.c:20:6:app_func_meas_batt_mon_enable	16	static
../App/Functions/Src/app_func_measurement.c:30:6:app_func_meas_batt_mon_meas	40	static
../App/Functions/Src/app_func_measurement.c:50:6:app_func_meas_imp_enable	16	static
../App/Functions/Src/app_func_measurement.c:62:6:app_func_meas_imp_sel_set	24	static
../App/Functions/Src/app_func_measurement.c:77:10:app_func_meas_imp_sampPoints_get	32	static
../App/Functions/Src/app_func_measurement.c:98:6:app_func_meas_imp_volt_meas	32	static
../App/Functions/Src/app_func_measurement.c:113:10:app_func_meas_imp_volt_calc	48	static
../App/Functions/Src/app_func_measurement.c:147:10:app_func_meas_imp_calc	96	static
../App/Functions/Src/app_func_measurement.c:177:6:app_func_meas_vdda_sup_enable	16	static
../App/Functions/Src/app_func_measurement.c:187:6:app_func_meas_sensor_enable	16	static
../App/Functions/Src/app_func_measurement.c:225:6:app_func_meas_sensor_meas	32	static
../App/Functions/Src/app_func_measurement.c:258:6:app_func_meas_sensor_sampling	24	static
../App/Functions/Src/app_func_measurement.c:267:6:app_func_meas_sensor_continue	8	static
../App/Functions/Src/app_func_measurement.c:277:6:app_func_meas_vrect_enable	16	static
../App/Functions/Src/app_func_measurement.c:288:6:app_func_meas_vrect_mon_meas	32	static
../App/Functions/Src/app_func_measurement.c:298:6:app_func_meas_therm_enable	16	static
../App/Functions/Src/app_func_measurement.c:310:6:app_func_meas_therm_meas	32	static
../App/Functions/Src/app_func_measurement.c:335:6:app_func_meas_off	8	static
