../App/Functions/Src/app_func_logs.c:34:17:app_func_logs_timestamp_gen	104	static
../App/Functions/Src/app_func_logs.c:80:13:app_func_logs_write	24	static
../App/Functions/Src/app_func_logs.c:94:6:app_func_logs_init	8	static
../App/Functions/Src/app_func_logs.c:108:6:app_func_logs_event_write	24	static
../App/Functions/Src/app_func_logs.c:129:6:app_func_logs_batt_volt_write	48	static
../App/Functions/Src/app_func_logs.c:161:6:app_func_logs_imped_write	48	static
../App/Functions/Src/app_func_logs.c:202:6:app_func_logs_parameter_write	96	static
../App/Functions/Src/app_func_logs.c:255:6:app_func_logs_event_search	32	static
../App/Functions/Src/app_func_logs.c:285:9:app_func_logs_read	40	static
../App/Functions/Src/app_func_logs.c:325:6:app_func_logs_erase	8	static
../App/Functions/Src/app_func_logs.c:339:6:app_func_logs_write_cplt_cb	16	static
