../App/Bsp/Src/bsp_serialport.c:35:6:bsp_sp_init	16	static
../App/Bsp/Src/bsp_serialport.c:59:6:bsp_sp_deinit	8	static
../App/Bsp/Src/bsp_serialport.c:81:6:bsp_sp_cmd_send	16	static
../App/Bsp/Src/bsp_serialport.c:93:16:bsp_sp_DAC80502_write	32	static
../App/Bsp/Src/bsp_serialport.c:104:16:bsp_sp_DAC80502_read	32	static
../App/Bsp/Src/bsp_serialport.c:114:13:bsp_sp_DAC80502_write_IT	24	static
../App/Bsp/Src/bsp_serialport.c:127:16:bsp_sp_ISL23315T_write	40	static
../App/Bsp/Src/bsp_serialport.c:139:6:bsp_sp_CY15B108QN_write_IT	24	static
../App/Bsp/Src/bsp_serialport.c:156:6:bsp_sp_CY15B108QN_read	32	static
../App/Bsp/Src/bsp_serialport.c:172:6:bsp_sp_CY15B108QN_erase	40	static
../App/Bsp/Src/bsp_serialport.c:201:6:bsp_sp_CY15B108QN_is_busy	16	static
../App/Bsp/Src/bsp_serialport.c:215:6:bsp_sp_nRF52810_write	16	static
../App/Bsp/Src/bsp_serialport.c:228:10:bsp_sp_nRF52810_read	24	static
../App/Bsp/Src/bsp_serialport.c:244:6:bsp_sp_XL_enable	16	static
../App/Bsp/Src/bsp_serialport.c:265:9:bsp_sp_MIS2DHTR_write	32	static
../App/Bsp/Src/bsp_serialport.c:278:9:bsp_sp_MIS2DHTR_read	32	static
../App/Bsp/Src/bsp_serialport.c:288:13:bsp_sp_cmd_handler	16	static,ignoring_inline_asm
../App/Bsp/Src/bsp_serialport.c:343:6:HAL_SPI_ErrorCallback	16	static
../App/Bsp/Src/bsp_serialport.c:352:6:HAL_SPI_AbortCpltCallback	16	static
../App/Bsp/Src/bsp_serialport.c:367:6:HAL_SPI_TxCpltCallback	24	static,ignoring_inline_asm
../App/Bsp/Src/bsp_serialport.c:400:6:HAL_UART_ErrorCallback	16	static
../App/Bsp/Src/bsp_serialport.c:410:6:HAL_UART_AbortCpltCallback	16	static
../App/Bsp/Src/bsp_serialport.c:425:6:HAL_UARTEx_RxEventCallback	16	static
